// Jest Snapshot v1, https://goo.gl/fbAQLP

exports[`calls mutations.removeSlider and throws for non admins 1`] = `"Access Denied"`;
